// Jest Snapshot v1, https://goo.gl/fbAQLP

exports[`Stage Participants renders UI as expected 1`] = `
<div>
  <ul>
    <li>
      <button
        onClick={[Function]}
      >
        Section 1
      </button>
      <p />
    </li>
    <li>
      <button
        onClick={[Function]}
      >
        Section 2
      </button>
      <p />
    </li>
    <li>
      <button
        onClick={[Function]}
      >
        Section 3
      </button>
      <p />
    </li>
  </ul>
</div>
`;

exports[`Tabs Component renders empty given no App 1`] = `
<div>
  <Accordian
    sections={
      Array [
        Object {
          "content": "Lorem ipsum dolor sit amet consectetur adipisicing elit.",
          "title": "Section 1",
        },
        Object {
          "content": "Cupiditate tenetur aliquam necessitatibus id distinctio quas nihil ipsam nisi modi!",
          "title": "Section 2",
        },
        Object {
          "content": "Animi amet cumque sint cupiditate officia ab voluptatibus libero optio et?",
          "title": "Section 3",
        },
      ]
    }
  />
</div>
`;

exports[`Tabs Component renders the first tab by default 1`] = `
<div>
  <Accordian
    sections={
      Array [
        Object {
          "content": "Lorem ipsum dolor sit amet consectetur adipisicing elit.",
          "title": "Section 1",
        },
        Object {
          "content": "Cupiditate tenetur aliquam necessitatibus id distinctio quas nihil ipsam nisi modi!",
          "title": "Section 2",
        },
        Object {
          "content": "Animi amet cumque sint cupiditate officia ab voluptatibus libero optio et?",
          "title": "Section 3",
        },
      ]
    }
  />
</div>
`;
